# bend-verdict-probe 2026-09-28T19:14:21Z @ 9030808

## toolchain
=== extraction tree:
-rw-r--r-- 1 runner runner 179752 Sep 27 15:40 /home/runner/.bend/bend/bend2/bendtt.lean
-rwxr-xr-x 1 runner runner 94910592 Sep 27 15:40 /home/runner/.bend/bend/bin/bend
=== real binary: /home/runner/.bend/bend/bin/bend
/home/runner/.bend/bend/bin/bend: ELF 64-bit LSB executable, x86-64, version 1 (SYSV), dynamically linked, interpreter /lib64/ld-linux-x86-64.so.2, for GNU/Linux 3.2.0, BuildID[sha1]=a9a0d18db4f98a86ad4778800c5fa46943f81b2e, not stripped
=== help head:
Bend 2.0.32: check, run, build and publish Bend programs.

usage:
  bend <file.bend> [args]                        check the file, then run main with args
  bend <file.bend> -o <out>                      build a binary, or C, JS, .mjs or BendTT by extension
  bend <file.bend> --check-only                  check the file and its imports; run nothing
  bend <file.bend> --verdict                     check it, then recheck it with the proven kernel
  bend <file.bend> --publish [<name>@<version>]  publish the file and its imports; a name needs login
  bend link <name>@<version> 0x<hash>            name a package already on the hub
  bend login                                     log in to Bender for --publish <name>@…
  bend <page.html> -o <dir>                      bundle a page that imports .bend files
  bend base [--types|<name>]                     print Base, its types, or a name and subnames
  bend update                                    install the latest bend (curl | sh, shown first)
  bend version                                   print the version
  bend guide                                     print the Bend guide

Read the guide (`bend guide`) before writing Bend code.
=== text bend* files bundled in tarball (leads):
--- /home/runner/.bend/bend/bend2/bendtt.lean (head)
import Std.Data.HashMap

-- BendTT
-- ======
--
-- BendTT is Bend's kernel: a dependent affine calculus with Type : Type,
-- no universe levels and no native datatypes. This file holds the whole
-- kernel and the argument for its consistency, in three parts:
--
-- 1. THEORY: terms, evaluator, conversion, the bidirectional checker, the
--    live check, a parser for .bendtt text and a CLI.
-- 2. CLAIMS: the declarative theory, and the claims about Part 1's check.
-- 3. PROOF: the lemmas, in order.
--
-- A term has a dead part and a live part, read off its syntax. Types,
-- annotations, motives, and the argument, field or value of a q=0 App,
-- Tup or Let are dead: they are checked for types only, never run, and
-- may be inconsistent (Girard's paradox fits there). All else is live.
-- Every binder, App and Tup states its quantity, so the live part needs
-- no types. The typing checker (Checker) ignores usage; the live check
-- (Termination) ignores types. The live part of a def must be affine (a
-- q=1 variable is used at most once, a q=0 one never), may call only
-- earlier defs, and may call its own def only on parameters it rebuilt,
-- then a piece of one.
-- A q=2 binder needs a Data domain, and Data holds no λ and no call.
--
-- Then live evaluation terminates by a measure that ignores types: a call
-- is replaced by smaller calls, and all else shrinks. Subject reduction
-- and progress carry the type along, and no value has type <>. So no live
-- term inhabits Empty: termination follows from linearity, and types
-- only rule out stuck terms.
--
-- A datatype is a Σ over a label: Nat = Σt:<Z, S> -> (Nat.arms t). A
-- match is a λ-match: λ{(,): h} splits a pair, λ{.k: h; m} switches on
-- a label, λ{} eliminates the empty enum. A def's leading λs and λ-matches
-- (and λ-matches applied to variables it bound) are its case tree: a call
-- unfolds only when its arguments walk the whole tree, so a stuck call
-- stays a call, and compares by its spine.
--
--
## smoke
Cloning into '/tmp/bend-src'...
Note: switching to '573002f01ec6c52416d44489543f69a9625facf8'.

You are in 'detached HEAD' state. You can look around, make experimental
changes and commit them, and you can discard any commits you make in this
state without impacting any branches by switching back to a branch.

If you want to create a new branch to retain commits you create, you may
do so (now or later) by using -c with the switch command. Example:

  git switch -c <new-branch-name>

Or undo this operation with:

  git switch -

Turn off this advice by setting config variable advice.detachedHead to false

find: ‘standard output’: Broken pipe
find: write error
=== files under verdict:
/tmp/bend-src/bench/checker/compute_1600/main.bend
/tmp/bend-src/bench/checker/generics_3200/main.bend
/tmp/bend-src/bench/checker/trees_400/main.bend
/tmp/bend-src/bench/checker/proofs_3200/main.bend
/tmp/bend-src/bench/checker/defs_12800/main.bend
/tmp/bend-src/bench/runtime/bfs/main.bend
/tmp/bend-src/bench/runtime/symreg/main.bend
/tmp/bend-src/bench/runtime/tree-radix/main.bend
/tmp/bend-src/bench/runtime/kmeans/main.bend
/tmp/bend-src/bench/runtime/raytrace/main.bend
=== /tmp/bend-src/bench/checker/compute_1600/main.bend
Error: the kernel did not build (lean: Executable not found in $PATH: "lean"); --verdict needs Lean v4.34.0 (elan toolchain leanprover/lean4:v4.34.0), or $BENDTT set to a built kernel
VERDICT-NONZERO: /tmp/bend-src/bench/checker/compute_1600/main.bend
=== /tmp/bend-src/bench/checker/generics_3200/main.bend
Error: the kernel did not build (lean: Executable not found in $PATH: "lean"); --verdict needs Lean v4.34.0 (elan toolchain leanprover/lean4:v4.34.0), or $BENDTT set to a built kernel
VERDICT-NONZERO: /tmp/bend-src/bench/checker/generics_3200/main.bend
=== /tmp/bend-src/bench/checker/trees_400/main.bend
Error: the kernel did not build (lean: Executable not found in $PATH: "lean"); --verdict needs Lean v4.34.0 (elan toolchain leanprover/lean4:v4.34.0), or $BENDTT set to a built kernel
VERDICT-NONZERO: /tmp/bend-src/bench/checker/trees_400/main.bend
=== /tmp/bend-src/bench/checker/proofs_3200/main.bend
Error: the kernel did not build (lean: Executable not found in $PATH: "lean"); --verdict needs Lean v4.34.0 (elan toolchain leanprover/lean4:v4.34.0), or $BENDTT set to a built kernel
VERDICT-NONZERO: /tmp/bend-src/bench/checker/proofs_3200/main.bend
=== /tmp/bend-src/bench/checker/defs_12800/main.bend
Error: the kernel did not build (lean: Executable not found in $PATH: "lean"); --verdict needs Lean v4.34.0 (elan toolchain leanprover/lean4:v4.34.0), or $BENDTT set to a built kernel
VERDICT-NONZERO: /tmp/bend-src/bench/checker/defs_12800/main.bend
=== /tmp/bend-src/bench/runtime/bfs/main.bend
Error: the kernel did not build (lean: Executable not found in $PATH: "lean"); --verdict needs Lean v4.34.0 (elan toolchain leanprover/lean4:v4.34.0), or $BENDTT set to a built kernel
VERDICT-NONZERO: /tmp/bend-src/bench/runtime/bfs/main.bend
=== /tmp/bend-src/bench/runtime/symreg/main.bend
Error: the kernel did not build (lean: Executable not found in $PATH: "lean"); --verdict needs Lean v4.34.0 (elan toolchain leanprover/lean4:v4.34.0), or $BENDTT set to a built kernel
VERDICT-NONZERO: /tmp/bend-src/bench/runtime/symreg/main.bend
=== /tmp/bend-src/bench/runtime/tree-radix/main.bend
Error: the kernel did not build (lean: Executable not found in $PATH: "lean"); --verdict needs Lean v4.34.0 (elan toolchain leanprover/lean4:v4.34.0), or $BENDTT set to a built kernel
VERDICT-NONZERO: /tmp/bend-src/bench/runtime/tree-radix/main.bend
=== /tmp/bend-src/bench/runtime/kmeans/main.bend
Error: the kernel did not build (lean: Executable not found in $PATH: "lean"); --verdict needs Lean v4.34.0 (elan toolchain leanprover/lean4:v4.34.0), or $BENDTT set to a built kernel
VERDICT-NONZERO: /tmp/bend-src/bench/runtime/kmeans/main.bend
=== /tmp/bend-src/bench/runtime/raytrace/main.bend
Error: the kernel did not build (lean: Executable not found in $PATH: "lean"); --verdict needs Lean v4.34.0 (elan toolchain leanprover/lean4:v4.34.0), or $BENDTT set to a built kernel
VERDICT-NONZERO: /tmp/bend-src/bench/runtime/raytrace/main.bend
SMOKE SUMMARY: pass=0 fail=10

## attacks
=== ATTACK: attacks/attack-01.bend
SOME PROOFS FAIL
Error:
- expected : 'is'
- observed : '{'
Location:
3 | # to an inhabitant of Empty via non-terminating rewrite, the kernel leaks.
4>| type Empty { }
  |            ^
5 | def run () -> Empty:
REJECTED: attacks/attack-01.bend
=== ATTACK: attacks/attack-02.bend
SOME PROOFS FAIL
Error:
- expected : a name
- observed : '~'
Location:
 9 | 
10>| def boom(~T):
   |          ^
11 |   Empty.absurd(Type, T, %boom_inst(T) : {_ == _ : Type})
REJECTED: attacks/attack-02.bend
=== ATTACK: attacks/attack-03.bend
SOME PROOFS FAIL
Error:
- expected : '->' (a def with no return type fills a law; no law named paradox is in scope)
- observed : ':'
Location:
 9 | 
10>| def paradox(x: D):
   |                  ^
11 |   match x:
REJECTED: attacks/attack-03.bend
=== ATTACK: attacks/attack-04.bend
SOME PROOFS FAIL
Error:
- expected : a name
- observed : ':'
Location:
10 | 
11>| def lit_gap(n: U32):
   |                    ^
12 |   match n:
REJECTED: attacks/attack-04.bend
